{
 "signatures": [
  {
   "keyid": "95da323daa78f7b2557ae91e23be619ff932f9aec035abd4e40301405b363999",
   "sig": "XXX"
  }
 ],
 "signed": {
  "_type": "targets",
  "delegations": {
   "keys": {
    "95da323daa78f7b2557ae91e23be619ff932f9aec035abd4e40301405b363999": {
     "keytype": "ecdsa",
     "keyval": {
      "public": "-----BEGIN PUBLIC KEY-----\nMHYwEAYHKoZIzj0CAQYFK4EEACIDYgAEJ3pswWmx9Bx2VBcpqaooQFA7dQnhRafh\ntj942eg086x6EMHdfgdox9TbwGm7sU2sn/gyjyDr1ez8Ld2ORnyYJ8cAlegfTqNq\nE0eSrLrb+YpzQJxLwh6qWcSngF99Unft\n-----END PUBLIC KEY-----\n"
     },
     "scheme": "ecdsa-sha2-nistp384",
     "x-tuf-on-ci-keyowner": "@tuf-on-ci-user1"
    }
   },
   "roles": [
    {
     "keyids": [
      "95da323daa78f7b2557ae91e23be619ff932f9aec035abd4e40301405b363999"
     ],
     "name": "delegated",
     "paths": [
      "delegated/*",
      "delegated/*/*",
      "delegated/*/*/*",
      "delegated/*/*/*/*"
     ],
     "terminating": true,
     "threshold": 1
    }
   ]
  },
  "expires": "2022-02-03T01:02:03Z",
  "spec_version": "1.0.31",
  "targets": {},
  "version": 2,
  "x-tuf-on-ci-expiry-period": 365,
  "x-tuf-on-ci-signing-period": 60
 }
}