{
 "signatures": [
  {
   "keyid": "cda7a53138556e7c0d1737e4ba32868f3cf287e78ab9366c820115ce11383d34",
   "sig": "XXX"
  }
 ],
 "signed": {
  "_type": "timestamp",
  "expires": "2021-02-07T01:02:03Z",
  "meta": {
   "snapshot.json": {
    "version": 3
   }
  },
  "spec_version": "1.0.31",
  "version": 3
 }
}